# test
map foo
# test
{
# test
  mode 0 edit
  # test
  {
  # test
    Left[Ctrl] { RevWord[Mv]; }
    Right[Ctrl]
    # test
    { FwdWord[Mv]; }
    Up[] {
    # test
    Up[Mv]; }
    Down[] { Down[Mv];
    # test
    }
    # test
    Left[Alt] { RevWord[Mv|Unix]; }
    Right[Alt] { FwdWord[Mv|Unix]; }
    Left[Shift] { Left[Mv|High]; Push[](3); }
    Right[Shift] { Right[Mv|High]; Push[](3); }
    Left[Shift|Ctrl] { RevWord[Mv|High]; Push[](3); }
    Right[Shift|Ctrl] { FwdWordEnd[Mv|High|Past];
    # test
    Push[](3); }
    Home[] { Home[Mv]; }
    End[] { End[Mv]; }
    ^W { Null[]; }
    ^Y { Paste[]; }
    ^[ { Push[](2); }
    Delete[] { Right[Del]; }
    Insert[] { Insert[]; }
    End[Shift] { End[Mv|High]; Push[](3); }
    Home[Shift] { Home[Mv|High]; Push[](3); }
    Right[Shift|Alt] { FwdWordEnd[Mv|High|Unix|Past]; Push[](3); }
    Left[Shift|Alt] { RevWord[Mv|High|Unix]; Push[](3); }
    Down[Shift] { Down[Mv|High]; Push[](3); }
    Up[Shift] { Up[Mv|High]; Push[](3); }
    LNext[] { Glyph[](, '^'); Left[Mv]; Push[](1); }
    Kill[] { Home[Del]; }
    WErase[] { RevWord[Del|Unix]; }
    Erase[] { Left[Del]; }
    Enter[] { Enter[]; }
    SigSusp[] { SigSusp[]; }
    SigQuit[] { SigQuit[]; }
    SigInt[] { SigInt[]; }
    EndOfFile[] { EndOfFile[]; }
    Left[] { Left[Mv]; }
    Any[] { Glyph[]; }
    Right[] { Right[Mv]; }
  }
  mode 1 edit {
    AnyFn[] { Pop[Redir]; }
    Any[] { OverGlyph[]; Pop[]; }
  }
  mode 2 edit {
    ^[ { Glyph[]; Pop[]; }
    'w' { Null[]; Pop[]; }
    AnyFn[] { Pop[Redir]; }
    Any[] { Pop[]; }
  }
  mode 3 edit {
    ^W { ClrHigh[Del|Copy]; Pop[]; }
    ^[ { Push[](4); }
    End[Shift] { End[Mv|High]; }
    Home[Shift] { Home[Mv|High]; }
    Right[Shift|Alt] { FwdWordEnd[Mv|High|Unix|Past]; }
    Left[Shift|Alt] { RevWord[Mv|High|Unix]; }
    Down[Shift] { Down[Mv|High]; }
    Up[Shift] { Up[Mv|High]; }
    Left[Shift] { Left[Mv|High]; }
    Right[Shift] { Right[Mv|High]; }
    Left[Shift|Ctrl] { RevWord[Mv|High]; }
    Right[Shift|Ctrl] { FwdWordEnd[Mv|High|Past]; }
    AnyFn[] { ClrHigh[]; Pop[Redir]; }
    Any[] { ClrHigh[Del]; Pop[Redir]; }
    "🐄" { Glyph(,'#'); }
  }
  mode 4 edit {
    ^[ { ClrHigh[Del]; Glyph[]; Pop[](2); }
    'w' { ClrHigh[Copy]; Pop[](2); }
    AnyFn[] { Pop[Redir]; }
    Any[] { Pop[]; }
  }
}
